
mysql> USE  diegogamer$default ;
Reading table information for completion of table and column names
You can turn off this feature to get a quicker startup with -A

Database changed
mysql> SHOW TABLES;
+------------------------------+
| Tables_in_diegogamer$default |
+------------------------------+
| AUTHORS                      |
| BOOKS                        |
| CATEGORIES                   |
| GameScores                   |
| HockeyGame                   |
| HockeyTeam                   |
| HockeyTeamPlayer             |
| PlayoffRound                 |
| RoundStats                   |
| User                         |
| UserInfo                     |
| UserScorePicks               |
| UserStatsPicks               |
| detalle_horario              |
| horario                      |
| plantilla_detalle_horario    |
| usuarios                     |
+------------------------------+
17 rows in set (0.00 sec)

mysql> SHOW CREATE TABLE detalle_horario              ;
+-----------------+------------------------------------------------------------------------------------------------------------------------------------------------------------------------------------------------------------------------------------------------------------------+
| Table           | Create Table                                                                                                                                                                                                                                                     |
+-----------------+------------------------------------------------------------------------------------------------------------------------------------------------------------------------------------------------------------------------------------------------------------------+
| detalle_horario | CREATE TABLE `detalle_horario` (
  `horario_id` int NOT NULL,
  `hora_salida` date NOT NULL,
  `hora_entrada` date NOT NULL,
  `codigo_incapacidad` varchar(25) DEFAULT NULL,
  PRIMARY KEY (`horario_id`,`hora_salida`)
) ENGINE=InnoDB DEFAULT CHARSET=utf8mb3 |
+-----------------+------------------------------------------------------------------------------------------------------------------------------------------------------------------------------------------------------------------------------------------------------------------+
1 row in set (0.00 sec)

mysql> show create table GameScores                   ;
+------------+--------------------------------------------------------------------------------------------------------------------------------------------------------------------------------------+
| Table      | Create Table                                                                                                                                                                         |
+------------+--------------------------------------------------------------------------------------------------------------------------------------------------------------------------------------+
| GameScores | CREATE TABLE `GameScores` (
  `id` int NOT NULL,
  `team1Score` int NOT NULL,
  `team2Score` int NOT NULL,
  PRIMARY KEY (`id`,`team1Score`)
) ENGINE=InnoDB DEFAULT CHARSET=utf8mb3 |
+------------+--------------------------------------------------------------------------------------------------------------------------------------------------------------------------------------+
1 row in set (0.01 sec)

mysql> GameScores                   HockeyGame                   ;
ERROR 1064 (42000): You have an error in your SQL syntax; check the manual that corresponds to your MySQL server version for the right syntax to use near 'GameScores                   HockeyGame' at line 1
mysql> HockeyGame                   HockeyTeam                   ;
ERROR 1064 (42000): You have an error in your SQL syntax; check the manual that corresponds to your MySQL server version for the right syntax to use near 'HockeyGame                   HockeyTeam' at line 1
mysql> HockeyTeam                   HockeyTeam                   ;
ERROR 1064 (42000): You have an error in your SQL syntax; check the manual that corresponds to your MySQL server version for the right syntax to use near 'HockeyTeam                   HockeyTeam' at line 1
mysql> HockeyTeam                   HockeyTeam                   ;
ERROR 1064 (42000): You have an error in your SQL syntax; check the manual that corresponds to your MySQL server version for the right syntax to use near 'HockeyTeam                   HockeyTeam' at line 1
mysql> HockeyTeamPlayer             HockeyTeamPlayer             ;
ERROR 1064 (42000): You have an error in your SQL syntax; check the manual that corresponds to your MySQL server version for the right syntax to use near 'HockeyTeamPlayer             HockeyTeamPlayer' at line 1
mysql> show create table GameScores                   ;
+------------+--------------------------------------------------------------------------------------------------------------------------------------------------------------------------------------+
| Table      | Create Table                                                                                                                                                                         |
+------------+--------------------------------------------------------------------------------------------------------------------------------------------------------------------------------------+
| GameScores | CREATE TABLE `GameScores` (
  `id` int NOT NULL,
  `team1Score` int NOT NULL,
  `team2Score` int NOT NULL,
  PRIMARY KEY (`id`,`team1Score`)
) ENGINE=InnoDB DEFAULT CHARSET=utf8mb3 |
+------------+--------------------------------------------------------------------------------------------------------------------------------------------------------------------------------------+
1 row in set (0.00 sec)

mysql> show create table HockeyGame       ;           
+------------+---------------------------------------------------------------------------------------------------------------------------------------------------------------------------------------------------------------------------------------------------------------------+
| Table      | Create Table                                                                                                                                                                                                                                                        |
+------------+---------------------------------------------------------------------------------------------------------------------------------------------------------------------------------------------------------------------------------------------------------------------+
| HockeyGame | CREATE TABLE `HockeyGame` (
  `id` int NOT NULL,
  `roundId` int NOT NULL,
  `startTime` date NOT NULL,
  `description` text NOT NULL,
  `team1Id` int NOT NULL,
  `team2Id` int NOT NULL,
  PRIMARY KEY (`id`,`startTime`)
) ENGINE=InnoDB DEFAULT CHARSET=utf8mb3 |
+------------+---------------------------------------------------------------------------------------------------------------------------------------------------------------------------------------------------------------------------------------------------------------------+
1 row in set (0.00 sec)

mysql> show create table HockeyTeam                   ;
+------------+---------------------------------------------------------------------------------------------------------------------------------------------------------------------------------+
| Table      | Create Table                                                                                                                                                                    |
+------------+---------------------------------------------------------------------------------------------------------------------------------------------------------------------------------+
| HockeyTeam | CREATE TABLE `HockeyTeam` (
  `id` int NOT NULL,
  `name` varchar(25) NOT NULL,
  `logo` tinytext NOT NULL,
  PRIMARY KEY (`id`,`name`)
) ENGINE=InnoDB DEFAULT CHARSET=utf8mb3 |
+------------+---------------------------------------------------------------------------------------------------------------------------------------------------------------------------------+
1 row in set (0.00 sec)

mysql> show create table HockeyTeamPlayer             ;
+------------------+---------------------------------------------------------------------------------------------------------------------------------------------------------------------------------------------------------------------------------------------------------------------------------------------------+
| Table            | Create Table                                                                                                                                                                                                                                                                                      |
+------------------+---------------------------------------------------------------------------------------------------------------------------------------------------------------------------------------------------------------------------------------------------------------------------------------------------+
| HockeyTeamPlayer | CREATE TABLE `HockeyTeamPlayer` (
  `id` int NOT NULL,
  `hockeyTeamId` int NOT NULL,
  `firtsName` tinytext NOT NULL,
  `lastName` tinytext NOT NULL,
  `jerseyNum` int NOT NULL,
  `position` varchar(16) NOT NULL,
  PRIMARY KEY (`id`,`hockeyTeamId`)
) ENGINE=InnoDB DEFAULT CHARSET=utf8mb3 |
+------------------+---------------------------------------------------------------------------------------------------------------------------------------------------------------------------------------------------------------------------------------------------------------------------------------------------+
1 row in set (0.00 sec)

mysql> show create table PlayoffRound                 ;
+--------------+--------------------------------------------------------------------------------------------------------------------------------------------------------------------------------------------------------------------------------------------------------------------+
| Table        | Create Table                                                                                                                                                                                                                                                       |
+--------------+--------------------------------------------------------------------------------------------------------------------------------------------------------------------------------------------------------------------------------------------------------------------+
| PlayoffRound | CREATE TABLE `PlayoffRound` (
  `id` int NOT NULL,
  `team1id` int NOT NULL,
  `team2id` int NOT NULL,
  `startTime` date NOT NULL,
  `endTime` date NOT NULL,
  `roundNum` int NOT NULL,
  PRIMARY KEY (`id`,`startTime`)
) ENGINE=InnoDB DEFAULT CHARSET=utf8mb3 |
+--------------+--------------------------------------------------------------------------------------------------------------------------------------------------------------------------------------------------------------------------------------------------------------------+
1 row in set (0.00 sec)

mysql> show create table RoundStats                   ;
+------------+----------------------------------------------------------------------------------------------------------------------------------------------------------------------------------------------------------------------------------------------------------------------------------------------------------------------------------------------------------------------+
| Table      | Create Table                                                                                                                                                                                                                                                                                                                                                         |
+------------+----------------------------------------------------------------------------------------------------------------------------------------------------------------------------------------------------------------------------------------------------------------------------------------------------------------------------------------------------------------------+
| RoundStats | CREATE TABLE `RoundStats` (
  `id` int NOT NULL,
  `numShutouts` int NOT NULL,
  `goalLeaderId` int NOT NULL,
  `assistLeaderId` int NOT NULL,
  `penaltyLeaderId` int NOT NULL,
  `plusMinusLeaderId` int NOT NULL,
  `facesoffsWonLeaderId` int NOT NULL,
  `sogLeaderId` int NOT NULL,
  PRIMARY KEY (`id`,`numShutouts`)
) ENGINE=InnoDB DEFAULT CHARSET=utf8mb3 |
+------------+----------------------------------------------------------------------------------------------------------------------------------------------------------------------------------------------------------------------------------------------------------------------------------------------------------------------------------------------------------------------+
1 row in set (0.00 sec)

mysql> show create table   RoundStats                   ;
+------------+----------------------------------------------------------------------------------------------------------------------------------------------------------------------------------------------------------------------------------------------------------------------------------------------------------------------------------------------------------------------+
| Table      | Create Table                                                                                                                                                                                                                                                                                                                                                         |
+------------+----------------------------------------------------------------------------------------------------------------------------------------------------------------------------------------------------------------------------------------------------------------------------------------------------------------------------------------------------------------------+
| RoundStats | CREATE TABLE `RoundStats` (
  `id` int NOT NULL,
  `numShutouts` int NOT NULL,
  `goalLeaderId` int NOT NULL,
  `assistLeaderId` int NOT NULL,
  `penaltyLeaderId` int NOT NULL,
  `plusMinusLeaderId` int NOT NULL,
  `facesoffsWonLeaderId` int NOT NULL,
  `sogLeaderId` int NOT NULL,
  PRIMARY KEY (`id`,`numShutouts`)
) ENGINE=InnoDB DEFAULT CHARSET=utf8mb3 |
+------------+----------------------------------------------------------------------------------------------------------------------------------------------------------------------------------------------------------------------------------------------------------------------------------------------------------------------------------------------------------------------+
1 row in set (0.00 sec)

mysql> show create table User                         ;
+-------+------------------------------------------------------------------------------------------------------------------------------------------------------------------------------------------+
| Table | Create Table                                                                                                                                                                             |
+-------+------------------------------------------------------------------------------------------------------------------------------------------------------------------------------------------+
| User  | CREATE TABLE `User` (
  `id` int NOT NULL,
  `username` varchar(13) NOT NULL,
  `password` varchar(13) NOT NULL,
  PRIMARY KEY (`id`,`username`)
) ENGINE=InnoDB DEFAULT CHARSET=utf8mb3 |
+-------+------------------------------------------------------------------------------------------------------------------------------------------------------------------------------------------+
1 row in set (0.00 sec)

mysql> show create table UserInfo                     ;
+----------+--------------------------------------------------------------------------------------------------------------------------------------------------------------------------------------------------------------------------------------------------------------------------------------------------------------------------------------------------+
| Table    | Create Table                                                                                                                                                                                                                                                                                                                                     |
+----------+--------------------------------------------------------------------------------------------------------------------------------------------------------------------------------------------------------------------------------------------------------------------------------------------------------------------------------------------------+
| UserInfo | CREATE TABLE `UserInfo` (
  `id` int NOT NULL,
  `firtsName` tinytext NOT NULL,
  `lastName` tinytext NOT NULL,
  `email` varchar(13) NOT NULL,
  `round1Points` int NOT NULL,
  `round2Points` int NOT NULL,
  `round3Points` int NOT NULL,
  `round4Points` int NOT NULL,
  PRIMARY KEY (`id`,`email`)
) ENGINE=InnoDB DEFAULT CHARSET=utf8mb3 |
+----------+--------------------------------------------------------------------------------------------------------------------------------------------------------------------------------------------------------------------------------------------------------------------------------------------------------------------------------------------------+
1 row in set (0.00 sec)
mysql> show create table UserScorePicks               ;
+----------------+------------------------------------------------------------------------------------------------------------------------
----------------------------------------------------------------------------------------------------------------------------+
| Table          | Create Table                                                                                                           
                                                                                                                            |
+----------------+------------------------------------------------------------------------------------------------------------------------
----------------------------------------------------------------------------------------------------------------------------+
| UserScorePicks | CREATE TABLE `UserScorePicks` (
  `id` int NOT NULL,
  `HockeyGameId` int NOT NULL,
  `team1Score` int NOT NULL,
  `team2Score` int NOT NULL,
  `UserId` int NOT NULL,
  PRIMARY KEY (`id`,`HockeyGameId`)
) ENGINE=InnoDB DEFAULT CHARSET=utf8mb3 |
+----------------+------------------------------------------------------------------------------------------------------------------------
----------------------------------------------------------------------------------------------------------------------------+
1 row in set (0.00 sec)
mysql> show create table UserStatsPicks               ;
+----------------+------------------------------------------------------------------------------------------------------------------------
------------------------------------------------------------------------------------------------------------------------------------------
------------------------------------------------------------------------------------------------------------------------------------------
-------------+
| Table          | Create Table                                                                                                           
                                                                                                                                          
                                                                                                                                          
             |
+----------------+------------------------------------------------------------------------------------------------------------------------
------------------------------------------------------------------------------------------------------------------------------------------
------------------------------------------------------------------------------------------------------------------------------------------
-------------+
| UserStatsPicks | CREATE TABLE `UserStatsPicks` (
  `id` int NOT NULL,
  `roundId` int NOT NULL,
  `goalLeaderId` int NOT NULL,
  `assistLeaderId` int NOT NULL,
  `penaltyLeaderId` int NOT NULL,
  `plusMinusLeaderId` int NOT NULL,
  `facesoffsWonLeaderId` int NOT NULL,
  `sogLeaderId` int NOT NULL,
  `numShutouts` int NOT NULL,
  `userId` int NOT NULL,
  PRIMARY KEY (`id`,`roundId`)
) ENGINE=InnoDB DEFAULT CHARSET=utf8mb3 |
+----------------+------------------------------------------------------------------------------------------------------------------------
------------------------------------------------------------------------------------------------------------------------------------------
------------------------------------------------------------------------------------------------------------------------------------------
-------------+
1 row in set (0.00 sec)
